%Error: gatelib/PrioritySelect.v:124:18: syntax error, unexpected '(', expecting IDENTIFIER or randomize
  124 |    PrioritySelect(.Valid(Valid[(FullGroups*LUTWidth)+LastGroup-1:FullGroups*LUTWidth]), .Select(Intermediate[(FullGroups*LUTWidth)+LastGroup-1:FullGroups*LUTWidth]));
      |                  ^
%Error: sram_wrap/RF1DFCMN00128X078D02C064_PWRAP.v:5:10: Cannot find include file: define.vh
    5 | `include "define.vh"
      |          ^~~~~~~~~~~
        ... Looked in:
             define.vh
             define.vh.v
             define.vh.sv
             ./include/define.vh
             ./include/define.vh.v
             ./include/define.vh.sv
             ./integrity/old/define.vh
             ./integrity/old/define.vh.v
             ./integrity/old/define.vh.sv
             addr/define.vh
             addr/define.vh.v
             addr/define.vh.sv
             backend/define.vh
             backend/define.vh.v
             backend/define.vh.sv
             build/verilog-ci/compat-include/define.vh
             build/verilog-ci/compat-include/define.vh.v
             build/verilog-ci/compat-include/define.vh.sv
             encryption/define.vh
             encryption/define.vh.v
             encryption/define.vh.sv
             frontend/define.vh
             frontend/define.vh.v
             frontend/define.vh.sv
             gatelib/define.vh
             gatelib/define.vh.v
             gatelib/define.vh.sv
             include/define.vh
             include/define.vh.v
             include/define.vh.sv
             integrity/define.vh
             integrity/define.vh.v
             integrity/define.vh.sv
             stash/define.vh
             stash/define.vh.v
             stash/define.vh.sv
             obj_dir/define.vh
             obj_dir/define.vh.v
             obj_dir/define.vh.sv
%Error: sram_wrap/RF1DFCMN00128X078D02C064_PWRAP.v:22:13: Define or directive not defined: '`BIST_FUSE_WIDTH'
   22 | input wire [`BIST_FUSE_WIDTH-1:0] FUSE
      |             ^~~~~~~~~~~~~~~~
%Error: sram_wrap/RF1DFCMN00128X192D02C064_PWRAP.v:5:10: Cannot find include file: define.vh
    5 | `include "define.vh"
      |          ^~~~~~~~~~~
%Error: sram_wrap/RF1DFCMN00128X192D02C064_PWRAP.v:22:13: Define or directive not defined: '`BIST_FUSE_WIDTH'
   22 | input wire [`BIST_FUSE_WIDTH-1:0] FUSE
      |             ^~~~~~~~~~~~~~~~
%Error: sram_wrap/RF1DFCMN00512X128D04C064_PWRAP.v:5:10: Cannot find include file: define.vh
    5 | `include "define.vh"
      |          ^~~~~~~~~~~
%Error: sram_wrap/RF1DFCMN00512X128D04C064_PWRAP.v:22:13: Define or directive not defined: '`BIST_FUSE_WIDTH'
   22 | input wire [`BIST_FUSE_WIDTH-1:0] FUSE
      |             ^~~~~~~~~~~~~~~~
%Error: sram_wrap/SRAM1DFCMN01024X064D04C128_PWRAP.v:5:10: Cannot find include file: define.vh
    5 | `include "define.vh"
      |          ^~~~~~~~~~~
%Error: sram_wrap/SRAM1DFCMN01024X064D04C128_PWRAP.v:22:13: Define or directive not defined: '`BIST_FUSE_WIDTH'
   22 | input wire [`BIST_FUSE_WIDTH-1:0] FUSE
      |             ^~~~~~~~~~~~~~~~
%Error: sram_wrap/SRAM_WRAP.v:5:10: Cannot find include file: define.vh
    5 | `include "define.vh"
      |          ^~~~~~~~~~~
%Error: sram_wrap/SRAM_WRAP.v:47:73: Define or directive not defined: '`BIST_FUSE_WIDTH'
   47 |     .MEMCLK(Clock), .RESET_N(~Reset), .CE(Enable), .TESTEN(1'b0), .FUSE(`BIST_FUSE_WIDTH'b0),
      |                                                                         ^~~~~~~~~~~~~~~~
%Error: sram_wrap/SRAM_WRAP.v:55:73: Define or directive not defined: '`BIST_FUSE_WIDTH'
   55 |     .MEMCLK(Clock), .RESET_N(~Reset), .CE(Enable), .TESTEN(1'b0), .FUSE(`BIST_FUSE_WIDTH'b0),
      |                                                                         ^~~~~~~~~~~~~~~~
%Error: sram_wrap/SRAM_WRAP.v:63:73: Define or directive not defined: '`BIST_FUSE_WIDTH'
   63 |     .MEMCLK(Clock), .RESET_N(~Reset), .CE(Enable), .TESTEN(1'b0), .FUSE(`BIST_FUSE_WIDTH'b0),
      |                                                                         ^~~~~~~~~~~~~~~~
%Error: sram_wrap/SRAM_WRAP.v:70:73: Define or directive not defined: '`BIST_FUSE_WIDTH'
   70 |     .MEMCLK(Clock), .RESET_N(~Reset), .CE(Enable), .TESTEN(1'b0), .FUSE(`BIST_FUSE_WIDTH'b0),
      |                                                                         ^~~~~~~~~~~~~~~~
%Error: Exiting due to 14 error(s)
